| muqattaat | muqattaat | mu-qat-taa-aat | مُقَطَّعَات | "the detached letters at the openings of the chapters, the *muqattaat*" |
| Kaf-Ha-Ya-Ayn-Sad | Kaf-Ha-Ya-Ayn-Sad | kaaf-haa-yaa-ayn-saad | كهيعص | "the five letters *Kaf-Ha-Ya-Ayn-Sad* used as a means" |
| Ali | Ali | a-lee | عَلِيّ | "the path of *Ali* is truth; we hold to it" |
| al-hamd | al-hamd | al-hamd | الْحَمْدُ | "The opening word of the Opening Chapter, *al-hamd*" |
| Fatimi | Fatimi | faa-ti-mee | فَاطِمِيّ | "called *Fatimi* because of the awe that her station commands" |
| walayah | walayah | wa-laa-yah | وَلَايَة | "the essence of faith is *walayah* and love for the Father" |
| Umm al-Nada | Umm al-Nada | um-man-na-daa | أُمُّ النَّدَى | "called by her title *Umm al-Nada*, had asked the fourth Imam" |
| tawaf | tawaf | ta-waaf | طَوَاف | "a man in *tawaf* once recited the verse" |
| riyat | riyat | ri-yaat | رِيَاة | "bodily excretions become *riyat* and depart at once" |
| Subhan Allah | Subhan Allah | sub-haa-nal-laah | سُبْحَانَ اللَّهِ | "Does the term *glorification by Subhan Allah* apply to him" |
| dawah | dawah | daa-wah | دَعْوَة | "Such states are the truth of the *dawah*" |
| hujjah | hujjah | huj-jah | حُجَّة | "raised to the rank of *hujjah*, a *hujjah* equals thirty" |
| mansub | mansub | man-soob | مَنْسُوب | "the *mansub* of Hind and Sindh, a high officer" |
| Muhammad bin Faraj | Muhammad bin Faraj | mu-ham-mad-bin-fa-raj | مُحَمَّدُ بْنُ فَرَج | "a non-independent dai named *Muhammad bin Faraj* became the twenty-ninth" |
| Husayn bin Hasan | Husayn bin Hasan | hu-sayn-bin-ha-san | حُسَيْنُ بْنُ حَسَن | "*Husayn bin Hasan* will lead the prayer" |
| Abdullah bin Hamid | Abdullah bin Hamid | ab-dul-laah-bin-haa-mid | عَبْدُ اللَّهِ بْنُ حَامِد | "took with him a man named *Abdullah bin Hamid*" |
| Saidah | Saidah | saa-i-dah | سَاعِدَة | "the shed of the tribe of *Saidah*" |
| Khumm | Khumm | khum | خُمّ | "a dark valley before the Pool of *Khumm*" |
| Usamah | Usamah | u-saa-mah | أُسَامَة | "the expedition of *Usamah*; they had refused" |
| Nasir al-Din al-Tusi | Nasir al-Din al-Tusi | naa-sir-ud-deen-at-too-see | نَصِيرُ الدِّينِ الطُّوسِيّ | "A treatise by *Nasir al-Din al-Tusi* excoriates them" |
| Dawud bin Fi | Dawud bin Fi | daa-wood-bin-fee | دَاوُدُ بْنُ فِي | "a claimant named *Dawud bin Fi* had claimed" |
| al-Bukhari | al-Bukhari | al-buk-haa-ree | الْبُخَارِيّ | "the first canonical hadith collection (*al-Bukhari*, *Sahih*)" |
| Sahih | Sahih | sa-heeh | صَحِيح | "*al-Bukhari*, *Sahih*, kitab al-maghazi, no. 3706" |
| kitab al-maghazi | kitab al-maghazi | ki-taab-ul-ma-ghaa-zee | كِتَابُ الْمَغَازِي | "*Sahih*, *kitab al-maghazi*, no. 3706" |
| Muslim | Muslim | mus-lim | مُسْلِم | "the second canonical collection (*Muslim*, *Sahih*)" |
| kitab fada'il al-sahabah | kitab fada'il al-sahabah | ki-taab-fa-daa-il-is-sa-haa-bah | كِتَابُ فَضَائِلِ الصَّحَابَة | "*Muslim*, *Sahih*, *kitab fada'il al-sahabah*, no. 2404" |
| Tabuk | Tabuk | ta-book | تَبُوك | "set out on the campaign of *Tabuk*" |
| Medina | Medina | ma-dee-nah | الْمَدِينَة | "leaving the Father of Imams in the city of *Medina*" |
| Fatimah | Fatimah | faa-ti-mah | فَاطِمَة | "the powers of *Fatimah*, called Fatimi" |
| Hasan | Hasan | ha-san | حَسَن | "those who would come from *Hasan* up to the Riser" |
| Imam | Imam | i-maam | إِمَام | "the fourth *Imam* how much time had passed in the world" |
| Dai | Dai | daa-ee | دَاعِي | "the previous *dai*'s state was so elevated" |
| Kaaba | Kaaba | kaa-bah | كَعْبَة | "not in any basement of the *Kaaba* itself" |
| ziyadah | ziyadah | zi-yaa-dah | زِيَادَة | "in the *husna* and the *ziyadah*, in the addition" |
| Mukasir | Mukasir | mu-kaa-sir | مُكَاسِر | "the Proof, the Permitted One, the Breaker, the *Mukasir*" |
| Najran | Najran | naj-raan | نَجْرَان | "the officer of *Najran*, the fathers of two of the great teachers" |
| Sindh | Sindh | sind | سِنْد | "the *mansub* of Hind and *Sindh*, a high officer" |
| Hind | Hind | hind | هِنْد | "the *mansub* of *Hind* and Sindh, a high officer" |
| Yemen | Yemen | ya-man | الْيَمَن | "the Dai cannot leave *Yemen*, the heart, without" |
| Salman | Salman | sal-maan | سَلْمَان | "So too was *Salman* the Persian" |
| Aristotle | Aristotle | a-ris-tot-ul | أَرِسْطُو | "the sixth Imam said that *Aristotle* was from us" |
| Ahmedabad | Ahmedabad | ah-med-aa-baad | أَحْمَدَاباد | "a horse-merchant of *Ahmedabad*, a man who had been an outsider" |
| Mehdi | Mehdi | meh-dee | مَهْدِيّ | "to the two *Mehdis* and the end of the great cycle" |
| raja | raja | raj-ah | رَجْعَة | "the lecture on *raja*, return, in which each soul" |
