| karrah | karrah | kar-rah | كَرَّة | "the doctrine of the karrah and the mawr" |
| mawr | mawr | mawr | مَوْر | "the doctrine of the karrah and the mawr" |
| Kunooz al-Hikmah | Kunooz al-Hikmah | ku-nooz-ul-hik-mah | كُنُوز الْحِكْمَة | "the Kunooz al-Hikmah is stored for the duat" |
| duat | duat | du-aat | دُعَاة | "the Kunooz al-Hikmah is stored for the duat" |
| Dai | Dai | daa-ee | دَاعِي | "a prayer for the Dai and the Imam of his time" |
| Aimmah | Aimmah | a-im-mah | أَئِمَّة | "The first is the hierarchy of the Aimmah" |
| Qaim | Qaim | qaa-im | قَائِم | "culminating in the future in the Qaim" |
| Imamate | Imamate | im-aa-mah | إِمَامَة | "The Aimmah carry the Imamate" |
| aqiqa | aqiqa | ah-qee-qah | عَقِيقَة | "no transfer of the aqiqa meat or the Eid" |
| Eid al-Adha | Eid al-Adha | eed-ul-ad-haa | عِيدُ الْأَضْحَى | "the aqiqa meat or the Eid al-Adha meat" |
| Fatiha | Fatiha | faa-ti-hah | الْفَاتِحَة | "a benediction on the line, the recitation of the Fatiha" |
| shahadah | shahadah | sha-haa-dah | شَهَادَة | "The five tones of the shahadah and the place" |
| mansub | mansub | man-soob | مَنْصُوب | "The mansub of Yemen" |
| jazair | jazair | ja-zaa-ir | جَزَائِر | "The three jazair" |
| Mim | Mim | meem | مِيم | "Muhammad bin Fuad as the Mim" |
| Ayn | Ayn | ayn | عَيْن | "Ali bin Sulayman as the Ayn" |
| Sayyidna | Sayyidna | say-yi-du-naa | سَيِّدُنَا | "Sayyidna Ali bin Hibatullah wrote one book" |
| Mehdi | Mehdi | mah-dee | مَهْدِي | "distinguished the two Mehdis, what remains" |
| Allah | Allah | al-laah | اللَّه | "may Allah prolong his noble life" |
| Quran | Quran | qur-aan | الْقُرْآن | "twenty-five prophets named in the Quran" |
| Imam | Imam | i-maam | إِمَام | "a prayer for the Dai and the Imam of his time" |
| hadith | hadith | ha-deeth | حَدِيث | "gathers the hadith of the cloak and the verse" |
| Ismaili | Ismaili | is-maa-ee-lee | إِسْمَاعِيلِي | "The modern reader of Ismaili cosmology has described" |
| Husayn | Husayn | hu-sayn | حُسَيْن | "descending from Husayn through the Fatimid Imams" |
| Hasan | Hasan | ha-san | حَسَن | "connected through Hasan, carrying the call" |
| Ali | Ali | ah-lee | عَلِيّ | "the secret about the succession of Ali" |
| Ali Zayn al-Abidin | Ali Zayn al-Abidin | ah-lee zayn-ul-aa-bi-deen | عَلِيّ زَيْنُ الْعَابِدِين | "two higher dominating was Ali Zayn al-Abidin" |
| Ali bin Sulayman | Ali bin Sulayman | ah-lee bin su-lay-maan | عَلِيّ بِن سُلَيْمَان | "Ali bin Sulayman as the Ayn" |
| Sulayman | Sulayman | su-lay-maan | سُلَيْمَان | "named in the praise — Sulayman, Jafar the seventh" |
| Jafar | Jafar | jah-far | جَعْفَر | "Sulayman, Jafar the seventh, Muhammad bin Fuad" |
| Muhammad bin Fuad | Muhammad bin Fuad | mu-ham-mad bin fu-aad | مُحَمَّد بِن فُؤَاد | "Muhammad bin Fuad as the Mim" |
| Ibrahim | Ibrahim | ib-raa-heem | إِبْرَاهِيم | "Ibrahim the traveler, Muhammad bin Ismail" |
| Muhammad bin Ismail | Muhammad bin Ismail | mu-ham-mad bin is-maa-eel | مُحَمَّد بِن إِسْمَاعِيل | "Muhammad bin Ismail the emigrant" |
| Dawud bin Ajabshah | Dawud bin Ajabshah | daa-wood bin ah-jab-shaah | دَاوُود بِن عَجَبْشَاه | "first designation of Dawud bin Ajabshah" |
| Hudhayfa al-Yamani | Hudhayfa al-Yamani | hu-thay-fah al-ya-maa-nee | حُذَيْفَة الْيَمَانِي | "The Prophet and Hudhayfa al-Yamani saw together" |
| Khadijah | Khadijah | kha-dee-jah | خَدِيجَة | "The last was Khadijah" |
| Salman | Salman | sal-maan | سَلْمَان | "Consider Salman the Persian" |
| Ubayy ibn Kab | Ubayy ibn Kab | u-bay ibn kab | أُبَيّ بِن كَعْب | "The first was Ubayy ibn Kab, who taught him" |
| Sayyidna Ali bin Hibatullah | Sayyidna Ali bin Hibatullah | say-yi-du-naa ah-lee bin hi-bat-ul-laah | سَيِّدُنَا عَلِيّ بِن هِبَةِ اللَّه | "Sayyidna Ali bin Hibatullah wrote one book" |
| Yazid | Yazid | ya-zeed | يَزِيد | "the standing against Yazid, the procession" |
| Adam | Adam | aa-dam | آدَم | "called the Adam of the Family of the Cloak" |
| Fatimid | Fatimid | faa-ti-mid | فَاطِمِيّ | "descending from Husayn through the Fatimid Imams" |
| Ghadir | Ghadir | gha-deer | غَدِير | "The dark valley before Ghadir" |
| Karbala | Karbala | kar-ba-laa | كَرْبَلَاء | "the procession to Karbala, the martyrdom" |
| Najran | Najran | naj-raan | نَجْرَان | "the believers of Najran, in particular" |
| Habasha | Habasha | ha-ba-shah | حَبَشَة | "only to Sayyidna Muhammad bin Ismail, for Habasha" |
| Sindh | Sindh | sind | سِنْد | "the believer in India or Sindh" |
